This is pdfTeX, Version 3.141592653-2.6-1.40.29 (TeX Live 2026) (preloaded format=pdflatex 2026.3.12)  12 SEP 2026 21:33
entering extended mode
 restricted \write18 enabled.
 %&-line parsing enabled.
**main.tex
(./main.tex
LaTeX2e <2025-11-01>
L3 programming layer <2026-01-19>

(/gpfs/software/2025/texlive/2026/install-tl-20260312/texmf-dist/tex/latex/base
/article.cls
Document Class: article 2025/01/22 v1.4n Standard LaTeX document class

(/gpfs/software/2025/texlive/2026/install-tl-20260312/texmf-dist/tex/latex/base
/size10.clo
File: size10.clo 2025/01/22 v1.4n Standard LaTeX file (size option)
)
\c@part=\count275
\c@section=\count276
\c@subsection=\count277
\c@subsubsection=\count278
\c@paragraph=\count279
\c@subparagraph=\count280
\c@figure=\count281
\c@table=\count282
\abovecaptionskip=\skip49
\belowcaptionskip=\skip50
\bibindent=\dimen148
) (./iclr2027_conference.sty
(/gpfs/software/2025/texlive/2026/install-tl-20260312/texmf-dist/tex/latex/eso-
pic/eso-pic.sty
Package: eso-pic 2025/12/10 v3.0d eso-pic (RN)
\ESO@tempdima=\dimen149
\ESO@tempdimb=\dimen150

(/gpfs/software/2025/texlive/2026/install-tl-20260312/texmf-dist/tex/latex/grap
hics/keyval.sty
Package: keyval 2022/05/29 v1.15 key=value parser (DPC)
\KV@toks@=\toks17
)
(/gpfs/software/2025/texlive/2026/install-tl-20260312/texmf-dist/tex/latex/xcol
or/xcolor.sty
Package: xcolor 2024/09/29 v3.02 LaTeX color extensions (UK)

(/gpfs/software/2025/texlive/2026/install-tl-20260312/texmf-dist/tex/latex/grap
hics-cfg/color.cfg
File: color.cfg 2016/01/02 v1.6 sample color configuration
)
Package xcolor Info: Driver file: pdftex.def on input line 274.

(/gpfs/software/2025/texlive/2026/install-tl-20260312/texmf-dist/tex/latex/grap
hics-def/pdftex.def
File: pdftex.def 2025/09/29 v1.2d Graphics/color driver for pdftex
)
(/gpfs/software/2025/texlive/2026/install-tl-20260312/texmf-dist/tex/latex/grap
hics/mathcolor.ltx)
Package xcolor Info: Model `cmy' substituted by `cmy0' on input line 1349.
Package xcolor Info: Model `hsb' substituted by `rgb' on input line 1353.
Package xcolor Info: Model `RGB' extended on input line 1365.
Package xcolor Info: Model `HTML' substituted by `rgb' on input line 1367.
Package xcolor Info: Model `Hsb' substituted by `hsb' on input line 1368.
Package xcolor Info: Model `tHsb' substituted by `hsb' on input line 1369.
Package xcolor Info: Model `HSB' substituted by `hsb' on input line 1370.
Package xcolor Info: Model `Gray' substituted by `gray' on input line 1371.
Package xcolor Info: Model `wave' substituted by `hsb' on input line 1372.
)) (./fancyhdr.sty
\fancy@headwidth=\skip51
\f@ncyO@elh=\skip52
\f@ncyO@erh=\skip53
\f@ncyO@olh=\skip54
\f@ncyO@orh=\skip55
\f@ncyO@elf=\skip56
\f@ncyO@erf=\skip57
\f@ncyO@olf=\skip58
\f@ncyO@orf=\skip59
) (./natbib.sty
Package: natbib 2009/07/16 8.31 (PWD, AO)
\bibhang=\skip60
\bibsep=\skip61
LaTeX Info: Redefining \cite on input line 694.
\c@NAT@ctr=\count283
)
\iclrrulerbox=\box53
\iclrrulercount=\count284
\iclrruleroffset=\dimen151
\cv@lineheight=\dimen152
\cv@boxheight=\dimen153
\cv@tmpbox=\box54
\cv@refno=\count285
\cv@tot=\count286
\cv@tmpc@=\count287
\cv@tmpc=\count288
)
(/gpfs/software/2025/texlive/2026/install-tl-20260312/texmf-dist/tex/latex/psnf
ss/times.sty
Package: times 2020/03/25 PSNFSS-v9.3 (SPQR) 
)
(/gpfs/software/2025/texlive/2026/install-tl-20260312/texmf-dist/tex/latex/amsm
ath/amsmath.sty
Package: amsmath 2025/07/09 v2.17z AMS math features
\@mathmargin=\skip62

For additional information on amsmath, use the `?' option.

(/gpfs/software/2025/texlive/2026/install-tl-20260312/texmf-dist/tex/latex/amsm
ath/amstext.sty
Package: amstext 2024/11/17 v2.01 AMS text

(/gpfs/software/2025/texlive/2026/install-tl-20260312/texmf-dist/tex/latex/amsm
ath/amsgen.sty
File: amsgen.sty 1999/11/30 v2.0 generic functions
\@emptytoks=\toks18
\ex@=\dimen154
))
(/gpfs/software/2025/texlive/2026/install-tl-20260312/texmf-dist/tex/latex/amsm
ath/amsbsy.sty
Package: amsbsy 1999/11/29 v1.2d Bold Symbols
\pmbraise@=\dimen155
)
(/gpfs/software/2025/texlive/2026/install-tl-20260312/texmf-dist/tex/latex/amsm
ath/amsopn.sty
Package: amsopn 2022/04/08 v2.04 operator names
)
\inf@bad=\count289
LaTeX Info: Redefining \frac on input line 233.
\uproot@=\count290
\leftroot@=\count291
LaTeX Info: Redefining \overline on input line 398.
LaTeX Info: Redefining \colon on input line 409.
\classnum@=\count292
\DOTSCASE@=\count293
LaTeX Info: Redefining \ldots on input line 495.
LaTeX Info: Redefining \dots on input line 498.
LaTeX Info: Redefining \cdots on input line 619.
\Mathstrutbox@=\box55
\strutbox@=\box56
LaTeX Info: Redefining \big on input line 721.
LaTeX Info: Redefining \Big on input line 722.
LaTeX Info: Redefining \bigg on input line 723.
LaTeX Info: Redefining \Bigg on input line 724.
\big@size=\dimen156
LaTeX Font Info:    Redeclaring font encoding OML on input line 742.
LaTeX Font Info:    Redeclaring font encoding OMS on input line 743.
\macc@depth=\count294
LaTeX Info: Redefining \bmod on input line 904.
LaTeX Info: Redefining \pmod on input line 909.
LaTeX Info: Redefining \smash on input line 939.
LaTeX Info: Redefining \relbar on input line 969.
LaTeX Info: Redefining \Relbar on input line 970.
\c@MaxMatrixCols=\count295
\dotsspace@=\muskip17
\c@parentequation=\count296
\dspbrk@lvl=\count297
\tag@help=\toks19
\row@=\count298
\column@=\count299
\maxfields@=\count300
\andhelp@=\toks20
\eqnshift@=\dimen157
\alignsep@=\dimen158
\tagshift@=\dimen159
\tagwidth@=\dimen160
\totwidth@=\dimen161
\lineht@=\dimen162
\@envbody=\toks21
\multlinegap=\skip63
\multlinetaggap=\skip64
\mathdisplay@stack=\toks22
LaTeX Info: Redefining \[ on input line 2950.
LaTeX Info: Redefining \] on input line 2951.
)
(/gpfs/software/2025/texlive/2026/install-tl-20260312/texmf-dist/tex/latex/amsf
onts/amssymb.sty
Package: amssymb 2013/01/14 v3.01 AMS font symbols

(/gpfs/software/2025/texlive/2026/install-tl-20260312/texmf-dist/tex/latex/amsf
onts/amsfonts.sty
Package: amsfonts 2013/01/14 v3.01 Basic AMSFonts support
\symAMSa=\mathgroup4
\symAMSb=\mathgroup5
LaTeX Font Info:    Redeclaring math symbol \hbar on input line 98.
LaTeX Font Info:    Overwriting math alphabet `\mathfrak' in version `bold'
(Font)                  U/euf/m/n --> U/euf/b/n on input line 106.
))
(/gpfs/software/2025/texlive/2026/install-tl-20260312/texmf-dist/tex/latex/book
tabs/booktabs.sty
Package: booktabs 2020/01/12 v1.61803398 Publication quality tables
\heavyrulewidth=\dimen163
\lightrulewidth=\dimen164
\cmidrulewidth=\dimen165
\belowrulesep=\dimen166
\belowbottomsep=\dimen167
\aboverulesep=\dimen168
\abovetopsep=\dimen169
\cmidrulesep=\dimen170
\cmidrulekern=\dimen171
\defaultaddspace=\dimen172
\@cmidla=\count301
\@cmidlb=\count302
\@aboverulesep=\dimen173
\@belowrulesep=\dimen174
\@thisruleclass=\count303
\@lastruleclass=\count304
\@thisrulewidth=\dimen175
)
(/gpfs/software/2025/texlive/2026/install-tl-20260312/texmf-dist/tex/latex/grap
hics/graphicx.sty
Package: graphicx 2024/12/31 v1.2e Enhanced LaTeX Graphics (DPC,SPQR)

(/gpfs/software/2025/texlive/2026/install-tl-20260312/texmf-dist/tex/latex/grap
hics/graphics.sty
Package: graphics 2024/08/06 v1.4g Standard LaTeX Graphics (DPC,SPQR)

(/gpfs/software/2025/texlive/2026/install-tl-20260312/texmf-dist/tex/latex/grap
hics/trig.sty
Package: trig 2023/12/02 v1.11 sin cos tan (DPC)
)
(/gpfs/software/2025/texlive/2026/install-tl-20260312/texmf-dist/tex/latex/grap
hics-cfg/graphics.cfg
File: graphics.cfg 2016/06/04 v1.11 sample graphics configuration
)
Package graphics Info: Driver file: pdftex.def on input line 106.
)
\Gin@req@height=\dimen176
\Gin@req@width=\dimen177
)
(/gpfs/software/2025/texlive/2026/install-tl-20260312/texmf-dist/tex/latex/micr
otype/microtype.sty
Package: microtype 2026/03/01 v3.2d Micro-typographical refinements (RS)

(/gpfs/software/2025/texlive/2026/install-tl-20260312/texmf-dist/tex/latex/etoo
lbox/etoolbox.sty
Package: etoolbox 2025/10/02 v2.5m e-TeX tools for LaTeX (JAW)
\etb@tempcnta=\count305
)
\MT@toks=\toks23
\MT@tempbox=\box57
\MT@count=\count306
LaTeX Info: Redefining \noprotrusionifhmode on input line 1084.
LaTeX Info: Redefining \leftprotrusion on input line 1085.
\MT@prot@toks=\toks24
LaTeX Info: Redefining \rightprotrusion on input line 1104.
LaTeX Info: Redefining \textls on input line 1449.
\MT@outer@kern=\dimen178
LaTeX Info: Redefining \microtypecontext on input line 2053.
LaTeX Info: Redefining \textmicrotypecontext on input line 2070.
\MT@listname@count=\count307

(/gpfs/software/2025/texlive/2026/install-tl-20260312/texmf-dist/tex/latex/micr
otype/microtype-pdftex.def
File: microtype-pdftex.def 2026/03/01 v3.2d Definitions specific to pdftex (RS)

LaTeX Info: Redefining \lsstyle on input line 944.
LaTeX Info: Redefining \lslig on input line 944.
\MT@outer@space=\skip65
)
Package microtype Info: Loading configuration file microtype.cfg.

(/gpfs/software/2025/texlive/2026/install-tl-20260312/texmf-dist/tex/latex/micr
otype/microtype.cfg
File: microtype.cfg 2026/03/01 v3.2d microtype main configuration file (RS)
)
LaTeX Info: Redefining \microtypesetup on input line 3065.
)
(/gpfs/software/2025/texlive/2026/install-tl-20260312/texmf-dist/tex/latex/hype
rref/hyperref.sty
Package: hyperref 2026-01-29 v7.01p Hypertext links for LaTeX

(/gpfs/software/2025/texlive/2026/install-tl-20260312/texmf-dist/tex/generic/if
tex/iftex.sty
Package: iftex 2024/12/12 v1.0g TeX engine tests
)
(/gpfs/software/2025/texlive/2026/install-tl-20260312/texmf-dist/tex/latex/kvse
tkeys/kvsetkeys.sty
Package: kvsetkeys 2022-10-05 v1.19 Key value parser (HO)
)
(/gpfs/software/2025/texlive/2026/install-tl-20260312/texmf-dist/tex/generic/kv
definekeys/kvdefinekeys.sty
Package: kvdefinekeys 2019-12-19 v1.6 Define keys (HO)
)
(/gpfs/software/2025/texlive/2026/install-tl-20260312/texmf-dist/tex/generic/pd
fescape/pdfescape.sty
Package: pdfescape 2019/12/09 v1.15 Implements pdfTeX's escape features (HO)

(/gpfs/software/2025/texlive/2026/install-tl-20260312/texmf-dist/tex/generic/lt
xcmds/ltxcmds.sty
Package: ltxcmds 2023-12-04 v1.26 LaTeX kernel commands for general use (HO)
)
(/gpfs/software/2025/texlive/2026/install-tl-20260312/texmf-dist/tex/generic/pd
ftexcmds/pdftexcmds.sty
Package: pdftexcmds 2020-06-27 v0.33 Utility functions of pdfTeX for LuaTeX (HO
)

(/gpfs/software/2025/texlive/2026/install-tl-20260312/texmf-dist/tex/generic/in
fwarerr/infwarerr.sty
Package: infwarerr 2019/12/03 v1.5 Providing info/warning/error messages (HO)
)
Package pdftexcmds Info: \pdf@primitive is available.
Package pdftexcmds Info: \pdf@ifprimitive is available.
Package pdftexcmds Info: \pdfdraftmode found.
))
(/gpfs/software/2025/texlive/2026/install-tl-20260312/texmf-dist/tex/latex/hyco
lor/hycolor.sty
Package: hycolor 2020-01-27 v1.10 Color options for hyperref/bookmark (HO)
)
(/gpfs/software/2025/texlive/2026/install-tl-20260312/texmf-dist/tex/latex/hype
rref/nameref.sty
Package: nameref 2026-01-29 v2.58 Cross-referencing by name of section

(/gpfs/software/2025/texlive/2026/install-tl-20260312/texmf-dist/tex/latex/refc
ount/refcount.sty
Package: refcount 2019/12/15 v3.6 Data extraction from label references (HO)
)
(/gpfs/software/2025/texlive/2026/install-tl-20260312/texmf-dist/tex/generic/ge
ttitlestring/gettitlestring.sty
Package: gettitlestring 2019/12/15 v1.6 Cleanup title references (HO)

(/gpfs/software/2025/texlive/2026/install-tl-20260312/texmf-dist/tex/latex/kvop
tions/kvoptions.sty
Package: kvoptions 2022-06-15 v3.15 Key value format for package options (HO)
))
\c@section@level=\count308
)
(/gpfs/software/2025/texlive/2026/install-tl-20260312/texmf-dist/tex/generic/st
ringenc/stringenc.sty
Package: stringenc 2019/11/29 v1.12 Convert strings between diff. encodings (HO
)
)
\@linkdim=\dimen179
\Hy@linkcounter=\count309
\Hy@pagecounter=\count310

(/gpfs/software/2025/texlive/2026/install-tl-20260312/texmf-dist/tex/latex/hype
rref/pd1enc.def
File: pd1enc.def 2026-01-29 v7.01p Hyperref: PDFDocEncoding definition (HO)
Now handling font encoding PD1 ...
... no UTF-8 mapping file for font encoding PD1
)
(/gpfs/software/2025/texlive/2026/install-tl-20260312/texmf-dist/tex/generic/in
tcalc/intcalc.sty
Package: intcalc 2019/12/15 v1.3 Expandable calculations with integers (HO)
)
\Hy@SavedSpaceFactor=\count311

(/gpfs/software/2025/texlive/2026/install-tl-20260312/texmf-dist/tex/latex/hype
rref/puenc.def
File: puenc.def 2026-01-29 v7.01p Hyperref: PDF Unicode definition (HO)
Now handling font encoding PU ...
... no UTF-8 mapping file for font encoding PU
)
Package hyperref Info: Hyper figures OFF on input line 4201.
Package hyperref Info: Link nesting OFF on input line 4206.
Package hyperref Info: Hyper index ON on input line 4209.
Package hyperref Info: Plain pages OFF on input line 4216.
Package hyperref Info: Backreferencing OFF on input line 4221.
Package hyperref Info: Implicit mode ON; LaTeX internals redefined.
Package hyperref Info: Bookmarks ON on input line 4468.
\c@Hy@tempcnt=\count312

(/gpfs/software/2025/texlive/2026/install-tl-20260312/texmf-dist/tex/latex/url/
url.sty
\Urlmuskip=\muskip18
Package: url 2013/09/16  ver 3.4  Verb mode for urls, etc.
)
LaTeX Info: Redefining \url on input line 4807.
\XeTeXLinkMargin=\dimen180

(/gpfs/software/2025/texlive/2026/install-tl-20260312/texmf-dist/tex/generic/bi
tset/bitset.sty
Package: bitset 2019/12/09 v1.3 Handle bit-vector datatype (HO)

(/gpfs/software/2025/texlive/2026/install-tl-20260312/texmf-dist/tex/generic/bi
gintcalc/bigintcalc.sty
Package: bigintcalc 2019/12/15 v1.5 Expandable calculations on big integers (HO
)
))
\Fld@menulength=\count313
\Field@Width=\dimen181
\Fld@charsize=\dimen182
Package hyperref Info: Hyper figures OFF on input line 6084.
Package hyperref Info: Link nesting OFF on input line 6089.
Package hyperref Info: Hyper index ON on input line 6092.
Package hyperref Info: backreferencing OFF on input line 6099.
Package hyperref Info: Link coloring OFF on input line 6104.
Package hyperref Info: Link coloring with OCG OFF on input line 6109.
Package hyperref Info: PDF/A mode OFF on input line 6114.
\Hy@abspage=\count314
\c@Item=\count315
\c@Hfootnote=\count316
)
Package hyperref Info: Driver (autodetected): hpdftex.

(/gpfs/software/2025/texlive/2026/install-tl-20260312/texmf-dist/tex/latex/hype
rref/hpdftex.def
File: hpdftex.def 2026-01-29 v7.01p Hyperref driver for pdfTeX
\Fld@listcount=\count317
\c@bookmark@seq@number=\count318

(/gpfs/software/2025/texlive/2026/install-tl-20260312/texmf-dist/tex/latex/reru
nfilecheck/rerunfilecheck.sty
Package: rerunfilecheck 2025-06-21 v1.11 Rerun checks for auxiliary files (HO)

(/gpfs/software/2025/texlive/2026/install-tl-20260312/texmf-dist/tex/generic/un
iquecounter/uniquecounter.sty
Package: uniquecounter 2019/12/15 v1.4 Provide unlimited unique counter (HO)
)
Package uniquecounter Info: New unique counter `rerunfilecheck' on input line 2
84.
)
\Hy@SectionHShift=\skip66
)
LaTeX Font Info:    Trying to load font information for OT1+ptm on input line 2
0.

(/gpfs/software/2025/texlive/2026/install-tl-20260312/texmf-dist/tex/latex/psnf
ss/ot1ptm.fd
File: ot1ptm.fd 2001/06/04 font definitions for OT1/ptm.
)
(/gpfs/software/2025/texlive/2026/install-tl-20260312/texmf-dist/tex/latex/l3ba
ckend/l3backend-pdftex.def
File: l3backend-pdftex.def 2025-10-09 L3 backend support: PDF output (pdfTeX)
\l__color_backend_stack_int=\count319
) (build/main.aux)
\openout1 = `main.aux'.

LaTeX Font Info:    Checking defaults for OML/cmm/m/it on input line 20.
LaTeX Font Info:    ... okay on input line 20.
LaTeX Font Info:    Checking defaults for OMS/cmsy/m/n on input line 20.
LaTeX Font Info:    ... okay on input line 20.
LaTeX Font Info:    Checking defaults for OT1/cmr/m/n on input line 20.
LaTeX Font Info:    ... okay on input line 20.
LaTeX Font Info:    Checking defaults for T1/cmr/m/n on input line 20.
LaTeX Font Info:    ... okay on input line 20.
LaTeX Font Info:    Checking defaults for TS1/cmr/m/n on input line 20.
LaTeX Font Info:    ... okay on input line 20.
LaTeX Font Info:    Checking defaults for OMX/cmex/m/n on input line 20.
LaTeX Font Info:    ... okay on input line 20.
LaTeX Font Info:    Checking defaults for U/cmr/m/n on input line 20.
LaTeX Font Info:    ... okay on input line 20.
LaTeX Font Info:    Checking defaults for PD1/pdf/m/n on input line 20.
LaTeX Font Info:    ... okay on input line 20.
LaTeX Font Info:    Checking defaults for PU/pdf/m/n on input line 20.
LaTeX Font Info:    ... okay on input line 20.

(/gpfs/software/2025/texlive/2026/install-tl-20260312/texmf-dist/tex/context/ba
se/mkii/supp-pdf.mkii
[Loading MPS to PDF converter (version 2006.09.02).]
\scratchcounter=\count320
\scratchdimen=\dimen183
\scratchbox=\box58
\nofMPsegments=\count321
\nofMParguments=\count322
\everyMPshowfont=\toks25
\MPscratchCnt=\count323
\MPscratchDim=\dimen184
\MPnumerator=\count324
\makeMPintoPDFobject=\count325
\everyMPtoPDFconversion=\toks26
)
(/gpfs/software/2025/texlive/2026/install-tl-20260312/texmf-dist/tex/latex/epst
opdf-pkg/epstopdf-base.sty
Package: epstopdf-base 2020-01-24 v2.11 Base part for package epstopdf
Package epstopdf-base Info: Redefining graphics rule for `.eps' on input line 4
85.

(/gpfs/software/2025/texlive/2026/install-tl-20260312/texmf-dist/tex/latex/late
xconfig/epstopdf-sys.cfg
File: epstopdf-sys.cfg 2010/07/13 v1.3 Configuration of (r)epstopdf for TeX Liv
e
))
LaTeX Info: Redefining \microtypecontext on input line 20.
Package microtype Info: Applying patch `item' on input line 20.
Package microtype Info: Applying patch `toc' on input line 20.
Package microtype Info: Applying patch `eqnum' on input line 20.
Package microtype Info: Applying patch `footnote' on input line 20.
Package microtype Info: Applying patch `verbatim' on input line 20.
LaTeX Info: Redefining \microtypesetup on input line 20.
Package microtype Info: Generating PDF output.
Package microtype Info: Character protrusion enabled (level 2).
Package microtype Info: Using default protrusion set `alltext'.
Package microtype Info: Automatic font expansion enabled (level 2),
(microtype)             stretch: 20, shrink: 20, step: 1, non-selected.
Package microtype Info: Using default expansion set `alltext-nott'.
Package microtype Info: Patching command `\showhyphens'.
Package microtype Info: No adjustment of tracking.
Package microtype Info: No adjustment of interword spacing.
Package microtype Info: No adjustment of character kerning.

(/gpfs/software/2025/texlive/2026/install-tl-20260312/texmf-dist/tex/latex/micr
otype/mt-ptm.cfg
File: mt-ptm.cfg 2006/04/20 v1.7 microtype config. file: Times (RS)
)
Package hyperref Info: Link coloring OFF on input line 20.
 (build/main.out) (build/main.out)
\@outlinefile=\write3
\openout3 = `main.out'.


(/gpfs/software/2025/texlive/2026/install-tl-20260312/texmf-dist/tex/latex/micr
otype/mt-cmr.cfg
File: mt-cmr.cfg 2013/05/19 v2.2 microtype config. file: Computer Modern Roman 
(RS)
)
LaTeX Font Info:    Trying to load font information for U+msa on input line 22.


(/gpfs/software/2025/texlive/2026/install-tl-20260312/texmf-dist/tex/latex/amsf
onts/umsa.fd
File: umsa.fd 2013/01/14 v3.01 AMS symbols A
)
(/gpfs/software/2025/texlive/2026/install-tl-20260312/texmf-dist/tex/latex/micr
otype/mt-msa.cfg
File: mt-msa.cfg 2006/02/04 v1.1 microtype config. file: AMS symbols (a) (RS)
)
LaTeX Font Info:    Trying to load font information for U+msb on input line 22.


(/gpfs/software/2025/texlive/2026/install-tl-20260312/texmf-dist/tex/latex/amsf
onts/umsb.fd
File: umsb.fd 2013/01/14 v3.01 AMS symbols B
)
(/gpfs/software/2025/texlive/2026/install-tl-20260312/texmf-dist/tex/latex/micr
otype/mt-msb.cfg
File: mt-msb.cfg 2005/06/01 v1.0 microtype config. file: AMS symbols (b) (RS)
) (./intervention_abstract.tex) [1{/gpfs/software/2025/texlive/2026/install-tl-
20260312/texmf-var/fonts/map/pdftex/updmap/pdftex.map}{/gpfs/software/2025/texl
ive/2026/install-tl-20260312/texmf-dist/fonts/enc/dvips/base/8r.enc}

]
<figures/task_scene.png, id=82, 397.485pt x 227.6505pt>
File: figures/task_scene.png Graphic file (type png)
<use figures/task_scene.png>
Package pdftex.def Info: figures/task_scene.png  used on input line 124.
(pdftex.def)             Requested size: 397.48499pt x 227.65688pt.
 [2] [3 <./figures/task_scene.png>] (./evidence.tex [4]
<figures/oracle_confirmation.png, id=127, 397.485pt x 177.0615pt>
File: figures/oracle_confirmation.png Graphic file (type png)
<use figures/oracle_confirmation.png>
Package pdftex.def Info: figures/oracle_confirmation.png  used on input line 82
.
(pdftex.def)             Requested size: 397.48499pt x 177.06644pt.
)
(./comparison.tex [5 <./figures/oracle_confirmation.png>]
<figures/matched_risk.png, id=144, 397.485pt x 292.53639pt>
File: figures/matched_risk.png Graphic file (type png)
<use figures/matched_risk.png>
Package pdftex.def Info: figures/matched_risk.png  used on input line 55.
(pdftex.def)             Requested size: 397.48499pt x 292.54459pt.

Underfull \vbox (badness 1783) has occurred while \output is active []

 [6]
[7 <./figures/matched_risk.png>] (./intervention_results.tex))
(./discussion.tex [8]) [9]
FIRST-STATEMENTS-PAGE=10
(build/main.bbl
LaTeX Font Info:    Trying to load font information for OT1+pcr on input line 1
5.

(/gpfs/software/2025/texlive/2026/install-tl-20260312/texmf-dist/tex/latex/psnf
ss/ot1pcr.fd
File: ot1pcr.fd 2001/06/04 font definitions for OT1/pcr.
)) [10

] (./appendix.tex [11

]
Underfull \hbox (badness 1661) in paragraph at lines 121--128
\OT1/ptm/m/n/10 (+20) Each re-cov-ery, new safe loss, new un-safe ac-cept and r
e-solved un-safe ac-cept keeps its
 []

(./case_table.tex) [12]
Underfull \vbox (badness 10000) has occurred while \output is active []

 [13]
(./matched_table.tex) [14] [15] (./independent_cells.tex)) [16] (build/main.aux
)
 ***********
LaTeX2e <2025-11-01>
L3 programming layer <2026-01-19>
 ***********
Package rerunfilecheck Info: File `main.out' has not changed.
(rerunfilecheck)             Checksum: 39B9C34611BA578A73997C81BBF0206E;4321.
 ) 
Here is how much of TeX's memory you used:
 13394 strings out of 467525
 208734 string characters out of 5403705
 668814 words of memory out of 5000000
 41794 multiletter control sequences out of 15000+600000
 658683 words of font info for 228 fonts, out of 8000000 for 9000
 1141 hyphenation exceptions out of 8191
 75i,12n,90p,1001b,465s stack positions out of 10000i,1000n,20000p,200000b,200000s
</gpfs/software/2025/texlive/2026/install-tl-20260312/texmf-dist/fonts/type1/
public/amsfonts/cm/cmbx10.pfb></gpfs/software/2025/texlive/2026/install-tl-2026
0312/texmf-dist/fonts/type1/public/amsfonts/cm/cmex10.pfb></gpfs/software/2025/
texlive/2026/install-tl-20260312/texmf-dist/fonts/type1/public/amsfonts/cm/cmmi
10.pfb></gpfs/software/2025/texlive/2026/install-tl-20260312/texmf-dist/fonts/t
ype1/public/amsfonts/cm/cmmi7.pfb></gpfs/software/2025/texlive/2026/install-tl-
20260312/texmf-dist/fonts/type1/public/amsfonts/cm/cmmi9.pfb></gpfs/software/20
25/texlive/2026/install-tl-20260312/texmf-dist/fonts/type1/public/amsfonts/cm/c
mr10.pfb></gpfs/software/2025/texlive/2026/install-tl-20260312/texmf-dist/fonts
/type1/public/amsfonts/cm/cmr7.pfb></gpfs/software/2025/texlive/2026/install-tl
-20260312/texmf-dist/fonts/type1/public/amsfonts/cm/cmr9.pfb></gpfs/software/20
25/texlive/2026/install-tl-20260312/texmf-dist/fonts/type1/public/amsfonts/cm/c
msy10.pfb></gpfs/software/2025/texlive/2026/install-tl-20260312/texmf-dist/font
s/type1/public/amsfonts/cm/cmsy7.pfb></gpfs/software/2025/texlive/2026/install-
tl-20260312/texmf-dist/fonts/type1/public/amsfonts/cm/cmsy9.pfb></gpfs/software
/2025/texlive/2026/install-tl-20260312/texmf-dist/fonts/type1/public/amsfonts/s
ymbols/msbm10.pfb></gpfs/software/2025/texlive/2026/install-tl-20260312/texmf-d
ist/fonts/type1/urw/courier/ucrr8a.pfb></gpfs/software/2025/texlive/2026/instal
l-tl-20260312/texmf-dist/fonts/type1/urw/helvetic/uhvb8a.pfb></gpfs/software/20
25/texlive/2026/install-tl-20260312/texmf-dist/fonts/type1/urw/times/utmb8a.pfb
></gpfs/software/2025/texlive/2026/install-tl-20260312/texmf-dist/fonts/type1/u
rw/times/utmr8a.pfb></gpfs/software/2025/texlive/2026/install-tl-20260312/texmf
-dist/fonts/type1/urw/times/utmri8a.pfb>
Output written on build/main.pdf (16 pages, 632570 bytes).
PDF statistics:
 351 PDF objects out of 1000 (max. 8388607)
 289 compressed objects within 3 object streams
 82 named destinations out of 1000 (max. 500000)
 38552 words of extra memory for PDF output out of 42996 (max. 10000000)

