{
  "status": "PASS",
  "scalar_records": 10000,
  "original_score_comparisons": 50000,
  "frozen_baseline_flags": 3141,
  "bootstrap_primary_and_sensitivity_reproduced": true,
  "reference_recomputed_scenes": 8,
  "reference_max_abs": 0.0,
  "PLIC_replay_max_abs": 0.0,
  "CPU_model_replay_images": 80,
  "CPU_field_max_abs": 0.0,
  "source_and_checkpoint_hashes_unchanged": true
}

# Independent input-by-operator result

Decision: **SUPPORTED_FIXED_INPUT_OPERATOR_INTERACTION**.

Safe-accept gain, target: 3.010 pp; learned: 0.850 pp.
Interaction: -2.160 pp; one-sided 95% upper: -1.640 pp.
Finer-property sensitivity interaction: -2.070 pp; upper: -1.550 pp.

## Secondary frozen oracle-cohort analysis

Originally rejected flagged: 47/1085; unflagged: 3/1171 newly unsafe.
Overlap-standardized difference: 1.348 pp; pointwise descriptive interval: [0.0, 2.0065075520960947].
Both components improve in 2495 entries; total absolute error worsens in 578; newly unsafe: 23.

These flags were saved before computing PLIC but require reference labels. They are oracle-conditioned associations, not label-free risk prediction or causal shares. The single primary test is the computational safe-accept interaction; secondary outcomes do not create additional confirmed claims.

