{
  "pdf_sha256": "7b79d8eaa6d38f5724212429e60bed8637af992a0f193d1d99f1030cf1d5e165",
  "pages": 16,
  "main_text_pages": 9,
  "first_statements_page": 10,
  "page_characters": [
    3880,
    4680,
    2113,
    4673,
    3217,
    4671,
    2740,
    4426,
    3614,
    3544,
    4183,
    3884,
    4125,
    4352,
    4456,
    3559
  ],
  "metadata": {
    "format": "PDF 1.7",
    "title": "When Perfect Coarse Predictions Are Not Enough for Action Evaluation",
    "author": "",
    "subject": "",
    "keywords": "",
    "creator": "LaTeX with hyperref",
    "producer": "pdfTeX-1.40.29",
    "creationDate": "D:20260912213335-05'00'",
    "modDate": "D:20260912213335-05'00'",
    "trapped": "",
    "encryption": null
  },
  "personal_identifier_hits": [],
  "text_outside_page": [],
  "overfull_boxes": [],
  "undefined_warnings": [],
  "renderer": "1.26.7",
  "visual_review": "Pending manual inspection of all rendered PNGs"
}
