{
  "status": "PASS",
  "at_utc": "2026-09-12T19:47:02Z",
  "scope": "Computational integrity and declared-data accounting only; physical registration/geometry qualification remains unresolved",
  "checks": {
    "frozen_source_entries": 21,
    "original_protocol_and_pilot_unchanged": true,
    "registered_thresholds_retained": true,
    "valid_clouds": 240,
    "fixed_development_scenes": 24,
    "scans_per_scene": 10,
    "invalid_imu_messages_retained": 1295,
    "invalid_imu_extra_byte_counts": {
      "1": 1295
    },
    "independent_scalar_ply_values": 960,
    "no_fabricated_fresh_sample_result": true
  },
  "verified_file_count": 1542
}
