{
  "pdf_sha256": "486986d3e57a657d638581c4010eb8f44ad02b0ea661ed4288366b28c1144ec0",
  "pages": 13,
  "main_text_pages": 9,
  "first_statements_page": 10,
  "page_characters": [
    3943,
    4638,
    2113,
    4673,
    3215,
    4394,
    3051,
    4320,
    1976,
    3544,
    4175,
    3653,
    4430
  ],
  "metadata": {
    "format": "PDF 1.7",
    "title": "When Perfect Coarse Predictions Are Not Enough for Action Evaluation",
    "author": "",
    "subject": "",
    "keywords": "",
    "creator": "LaTeX with hyperref",
    "producer": "pdfTeX-1.40.29",
    "creationDate": "D:20260912175106-05'00'",
    "modDate": "D:20260912175106-05'00'",
    "trapped": "",
    "encryption": null
  },
  "personal_identifier_hits": [],
  "text_outside_page": [],
  "overfull_boxes": [],
  "undefined_warnings": [],
  "renderer": "1.26.7",
  "visual_review": "Pending manual inspection of all rendered PNGs"
}
FIRST-STATEMENTS-PAGE=10
