{
  "pdf_sha256": "0716d4c96b688706656c37f8274159dd910ab6864deab5b7653a1bf1c625ece4",
  "pages": 13,
  "main_text_pages": 9,
  "first_statements_page": 10,
  "page_characters": [
    3943,
    4638,
    2113,
    4673,
    3217,
    4397,
    3052,
    4322,
    1976,
    3544,
    4183,
    3665,
    4431
  ],
  "metadata": {
    "format": "PDF 1.7",
    "title": "When Perfect Coarse Predictions Are Not Enough for Action Evaluation",
    "author": "",
    "subject": "",
    "keywords": "",
    "creator": "LaTeX with hyperref",
    "producer": "pdfTeX-1.40.29",
    "creationDate": "D:20260912175638-05'00'",
    "modDate": "D:20260912175638-05'00'",
    "trapped": "",
    "encryption": null
  },
  "personal_identifier_hits": [],
  "text_outside_page": [],
  "overfull_boxes": [],
  "undefined_warnings": [],
  "renderer": "1.26.7",
  "visual_review": "Pending manual inspection of all rendered PNGs"
}
FIRST-STATEMENTS-PAGE=10
