{
  "pdf_sha256": "5efcafbe09538c0e3d0daf97cf205647a5af84626be680ed4ae467acd53dfecb",
  "pages": 14,
  "main_text_pages": 9,
  "first_statements_page": 10,
  "page_characters": [
    4011,
    4631,
    2434,
    4807,
    3115,
    4882,
    2202,
    4560,
    2066,
    3544,
    4183,
    3878,
    4774,
    3845
  ],
  "metadata": {
    "format": "PDF 1.7",
    "title": "When Perfect Coarse Predictions Are Not Enough for Action Evaluation",
    "author": "",
    "subject": "",
    "keywords": "",
    "creator": "LaTeX with hyperref",
    "producer": "pdfTeX-1.40.29",
    "creationDate": "D:20260912202830-05'00'",
    "modDate": "D:20260912202830-05'00'",
    "trapped": "",
    "encryption": null
  },
  "personal_identifier_hits": [],
  "text_outside_page": [],
  "overfull_boxes": [],
  "undefined_warnings": [],
  "renderer": "1.26.7",
  "visual_review": "Pending manual inspection of all rendered PNGs"
}
